// Jest Snapshot v1, https://jestjs.io/docs/snapshot-testing

exports[`SVM Escrow src factory should generate create instruction from order 1`] = `
Instruction {
  "accounts": [
    {
      "isSigner": true,
      "isWritable": true,
      "pubkey": "11111111111111111111111111111112",
    },
    {
      "isSigner": false,
      "isWritable": false,
      "pubkey": "11111111111111111111111111111114",
    },
    {
      "isSigner": false,
      "isWritable": true,
      "pubkey": "ExSWT3R6qMY3L9ZYtpmMpyF5aX7AsJVeaMuhEyTBodLG",
    },
    {
      "isSigner": false,
      "isWritable": true,
      "pubkey": "DipNwFB3DkuxXgUdDEEEzQTN6sMe9XZ5vceFsqHFwqPY",
    },
    {
      "isSigner": false,
      "isWritable": true,
      "pubkey": "7RZAkBHZegZeLcYFXhV7ukvzrXj1osQtYkLeZhYcoBVZ",
    },
    {
      "isSigner": false,
      "isWritable": false,
      "pubkey": "ATokenGPvbdGVxr1b2hvZbsiqW5xWH25efTNsLJA8knL",
    },
    {
      "isSigner": false,
      "isWritable": false,
      "pubkey": "TokenzQdBNbLqP5VEhdkAS6EPFLC1PHnBqCXEpPxuEb",
    },
    {
      "isSigner": false,
      "isWritable": false,
      "pubkey": "SysvarRent111111111111111111111111111111111",
    },
    {
      "isSigner": false,
      "isWritable": false,
      "pubkey": "11111111111111111111111111111111",
    },
  ],
  "data": {
    "data": [
      24,
      30,
      200,
      40,
      5,
      28,
      7,
      119,
      17,
      248,
      221,
      41,
      62,
      49,
      201,
      109,
      168,
      237,
      60,
      24,
      96,
      17,
      253,
      14,
      185,
      3,
      108,
      206,
      50,
      242,
      224,
      140,
      28,
      95,
      213,
      0,
      27,
      115,
      121,
      7,
      0,
      0,
      100,
      167,
      179,
      182,
      224,
      13,
      232,
      3,
      0,
      0,
      0,
      0,
      0,
      0,
      10,
      0,
      0,
      0,
      210,
      0,
      0,
      0,
      54,
      1,
      0,
      0,
      154,
      1,
      0,
      0,
      10,
      0,
      0,
      0,
      110,
      0,
      0,
      0,
      210,
      0,
      0,
      0,
      0,
      0,
      0,
      0,
      217,
      33,
      126,
      104,
      0,
      0,
      202,
      154,
      59,
      0,
      0,
      0,
      0,
      0,
      0,
      0,
      0,
      0,
      0,
      0,
      0,
      0,
      0,
      0,
      0,
      0,
      0,
      0,
      0,
      0,
      0,
      0,
      0,
      0,
      0,
      0,
      0,
      171,
      136,
      159,
      109,
      51,
      27,
      35,
      244,
      118,
      40,
      93,
      148,
      108,
      62,
      168,
      15,
      233,
      180,
      76,
      216,
      112,
      171,
      98,
      27,
      60,
      182,
      82,
      5,
      80,
      122,
      109,
      164,
      1,
      0,
      0,
      0,
      0,
      0,
      0,
      0,
      1,
      0,
      0,
      0,
      0,
      253,
      8,
      25,
      128,
      211,
      16,
      226,
      20,
      1,
      0,
      0,
      0,
      0,
      0,
      0,
      0,
      0,
      0,
      0,
      0,
      0,
      0,
      0,
      0,
      0,
      0,
      0,
      0,
      0,
      0,
      0,
      2,
      0,
      0,
      0,
      0,
      0,
      0,
      0,
      0,
      0,
      0,
      0,
      0,
      0,
      0,
      0,
      0,
      0,
      0,
      0,
      0,
      0,
      0,
      0,
      0,
      0,
      0,
      0,
      0,
      0,
      0,
      0,
      4,
      0,
      0,
      0,
      0,
      0,
      0,
      0,
      0,
      0,
      0,
      0,
      0,
      232,
      3,
      0,
      0,
      0,
      0,
      0,
      0,
      0,
      0,
      0,
      0,
      0,
      0,
      0,
      0,
    ],
    "type": "Buffer",
  },
  "programId": "2g4JDRMD7G3dK1PHmCnDAycKzd6e5sdhxqGBbs264zwz",
}
`;
