// Jest Snapshot v1, https://jestjs.io/docs/snapshot-testing

exports[`SVM Escrow dst factory should generate create escrow instruction 1`] = `
Instruction {
  "accounts": [
    {
      "isSigner": true,
      "isWritable": true,
      "pubkey": "CTF3k9CXyCjtCvpPMtG24Bo8r8qaQudTgqaSsp6A64tx",
    },
    {
      "isSigner": false,
      "isWritable": false,
      "pubkey": "7on3yxZPgQgehEo4dxTNg2vV3ECWF8T8QVo3JJSGdcHk",
    },
    {
      "isSigner": false,
      "isWritable": true,
      "pubkey": "6EdXXGGUP1nb4dzFkaTXXMAreSSDY18USHGBqT5raivs",
    },
    {
      "isSigner": false,
      "isWritable": true,
      "pubkey": "EyYy71HpE9NhTczKyPX7TXCSKxwuhUkoF8B3LgEAphAo",
    },
    {
      "isSigner": false,
      "isWritable": true,
      "pubkey": "AYMd52szbTMA7UwAkoT2yfp3WNbSeM5pUW6VhA4Y31sh",
    },
    {
      "isSigner": false,
      "isWritable": false,
      "pubkey": "ATokenGPvbdGVxr1b2hvZbsiqW5xWH25efTNsLJA8knL",
    },
    {
      "isSigner": false,
      "isWritable": false,
      "pubkey": "TokenkegQfeZyiNwAJbNbGKPFXCWuBvf9Ss623VQ5DA",
    },
    {
      "isSigner": false,
      "isWritable": false,
      "pubkey": "SysvarRent111111111111111111111111111111111",
    },
    {
      "isSigner": false,
      "isWritable": false,
      "pubkey": "11111111111111111111111111111111",
    },
  ],
  "data": {
    "data": [
      24,
      30,
      200,
      40,
      5,
      28,
      7,
      119,
      102,
      62,
      88,
      200,
      94,
      10,
      198,
      114,
      27,
      111,
      230,
      53,
      237,
      160,
      50,
      121,
      233,
      85,
      40,
      102,
      244,
      89,
      56,
      220,
      0,
      239,
      250,
      172,
      31,
      208,
      172,
      11,
      110,
      107,
      66,
      107,
      166,
      36,
      30,
      117,
      68,
      213,
      182,
      128,
      40,
      151,
      249,
      61,
      104,
      230,
      237,
      9,
      203,
      200,
      22,
      5,
      140,
      246,
      112,
      150,
      255,
      20,
      148,
      222,
      0,
      202,
      154,
      59,
      0,
      0,
      0,
      0,
      232,
      3,
      0,
      0,
      0,
      0,
      0,
      0,
      185,
      106,
      96,
      247,
      45,
      205,
      89,
      250,
      14,
      131,
      120,
      205,
      15,
      134,
      187,
      218,
      10,
      109,
      195,
      5,
      209,
      162,
      40,
      112,
      92,
      157,
      98,
      10,
      218,
      115,
      182,
      44,
      10,
      0,
      0,
      0,
      210,
      0,
      0,
      0,
      54,
      1,
      0,
      0,
      154,
      1,
      0,
      0,
      10,
      0,
      0,
      0,
      110,
      0,
      0,
      0,
      210,
      0,
      0,
      0,
      221,
      190,
      123,
      104,
      124,
      245,
      125,
      104,
      0,
    ],
    "type": "Buffer",
  },
  "programId": "GveV3ToLhvRmeq1Fyg3BMkNetZuG9pZEp4uBGWLrTjve",
}
`;
