// Jest Snapshot v1, https://jestjs.io/docs/snapshot-testing

exports[`SVM Escrow src factory should generate create instruction from order 1`] = `
Instruction {
  "accounts": [
    {
      "isSigner": true,
      "isWritable": true,
      "pubkey": "11111111111111111111111111111112",
    },
    {
      "isSigner": false,
      "isWritable": false,
      "pubkey": "11111111111111111111111111111114",
    },
    {
      "isSigner": false,
      "isWritable": true,
      "pubkey": "ExSWT3R6qMY3L9ZYtpmMpyF5aX7AsJVeaMuhEyTBodLG",
    },
    {
      "isSigner": false,
      "isWritable": true,
      "pubkey": "Ae5EJ83ToeTf2PpbrfdWpxgzLpxk9pTXUu2MJXTKDi9s",
    },
    {
      "isSigner": false,
      "isWritable": true,
      "pubkey": "BQkjqXPV28Zx7Nw3XV5RXNuYVF9WRogswuV5DYK8uZGK",
    },
    {
      "isSigner": false,
      "isWritable": false,
      "pubkey": "ATokenGPvbdGVxr1b2hvZbsiqW5xWH25efTNsLJA8knL",
    },
    {
      "isSigner": false,
      "isWritable": false,
      "pubkey": "TokenzQdBNbLqP5VEhdkAS6EPFLC1PHnBqCXEpPxuEb",
    },
    {
      "isSigner": false,
      "isWritable": false,
      "pubkey": "SysvarRent111111111111111111111111111111111",
    },
    {
      "isSigner": false,
      "isWritable": false,
      "pubkey": "11111111111111111111111111111111",
    },
  ],
  "data": {
    "data": [
      24,
      30,
      200,
      40,
      5,
      28,
      7,
      119,
      17,
      248,
      221,
      41,
      62,
      49,
      201,
      109,
      168,
      237,
      60,
      24,
      96,
      17,
      253,
      14,
      185,
      3,
      108,
      206,
      50,
      242,
      224,
      140,
      28,
      95,
      213,
      0,
      27,
      115,
      121,
      7,
      0,
      0,
      100,
      167,
      179,
      182,
      224,
      13,
      232,
      3,
      0,
      0,
      0,
      0,
      0,
      0,
      10,
      0,
      0,
      0,
      210,
      0,
      0,
      0,
      54,
      1,
      0,
      0,
      154,
      1,
      0,
      0,
      10,
      0,
      0,
      0,
      110,
      0,
      0,
      0,
      210,
      0,
      0,
      0,
      0,
      0,
      0,
      0,
      254,
      60,
      126,
      104,
      0,
      0,
      202,
      154,
      59,
      0,
      0,
      0,
      0,
      0,
      0,
      0,
      0,
      0,
      0,
      0,
      0,
      0,
      0,
      0,
      0,
      0,
      0,
      0,
      0,
      0,
      0,
      0,
      0,
      0,
      0,
      0,
      0,
      24,
      124,
      145,
      13,
      97,
      87,
      67,
      243,
      17,
      25,
      33,
      42,
      156,
      57,
      12,
      155,
      32,
      40,
      250,
      247,
      173,
      170,
      25,
      216,
      44,
      190,
      72,
      136,
      81,
      88,
      213,
      61,
      1,
      0,
      0,
      0,
      0,
      0,
      0,
      0,
      1,
      0,
      0,
      0,
      0,
      53,
      136,
      88,
      168,
      211,
      16,
      226,
      20,
      1,
      0,
      0,
      0,
      0,
      0,
      0,
      0,
      0,
      0,
      0,
      0,
      0,
      0,
      0,
      0,
      0,
      0,
      0,
      0,
      0,
      0,
      0,
      0,
      0,
      0,
      0,
      0,
      0,
      0,
      0,
      0,
      0,
      0,
      0,
      2,
      0,
      0,
      0,
      0,
      0,
      0,
      0,
      0,
      0,
      0,
      0,
      0,
      0,
      0,
      0,
      0,
      0,
      0,
      0,
      0,
      0,
      0,
      0,
      0,
      0,
      0,
      0,
      0,
      0,
      0,
      0,
      4,
      232,
      3,
      0,
      0,
      0,
      0,
      0,
      0,
      0,
      0,
      0,
      0,
      0,
      0,
      0,
      0,
    ],
    "type": "Buffer",
  },
  "programId": "2g4JDRMD7G3dK1PHmCnDAycKzd6e5sdhxqGBbs264zwz",
}
`;
